<html>
<body>
<pre>
<h1>µVision Build Log</h1>
<h2>Project:</h2>
C:\Project\GitHub\WingProject\STM32\stm32vldiscovery_package\Project\Examples\DAC_DMA\MDK-ARM\DAC_DMA.uvproj
Project File Date:  02/13/2015

<h2>Output:</h2>
Build target 'DAC_DMA'
assembling startup_stm32f10x_md_vl.s...
compiling stm32f10x_dac.c...
compiling stm32f10x_dma.c...
compiling stm32f10x_exti.c...
compiling stm32f10x_gpio.c...
compiling stm32f10x_tim.c...
compiling stm32f10x_wwdg.c...
compiling misc.c...
compiling stm32f10x_rcc.c...
compiling core_cm3.c...
compiling system_stm32f10x.c...
compiling main.c...
compiling stm32f10x_it.c...
compiling STM32vldiscovery.c...
linking...
Program Size: Code=1248 RO-data=312 RW-data=0 ZI-data=1088  
".\Debug\DAC_DMA.axf" - 0 Error(s), 0 Warning(s).
Load "C:\\Project\\GitHub\\WingProject\\STM32\\stm32vldiscovery_package\\Project\\Examples\\DAC_DMA\\MDK-ARM\\Debug\\DAC_DMA.axf" 
No Algorithm found for: 08000000H - 08000617H
Erase skipped!
Error: Flash Download failed  -  "Cortex-M3"
eriphClockCmd (referred from main.o).
Not enough information to list image symbols.
Finished: 1 information, 0 warning and 4 error messages.
".\Debug\DAC_DMA.axf" - 4 Error(s), 0 Warning(s).
Target not created
