<html>
<body>
<pre>
<h1>µVision Build Log</h1>
<h2>Project:</h2>
C:\ESEMPI-SW\STM32-Examples\Lib_3.3.0_DAC_STM32F100RBT_64pin_128KFlash_8KRam_KEIL\STM32F10x_StdPeriph_Lib_V3.3.0\Project\STM32F10x_StdPeriph_Template\MDK-ARM\Project.uvproj
Project File Date:  10/11/2010

<h2>Output:</h2>
Build target 'STM32100B-EVAL'
compiling stm32f10x_it.c...
compiling main.c...
compiling stm32f10x_rcc.c...
compiling stm32f10x_gpio.c...
compiling misc.c...
compiling stm32f10x_exti.c...
compiling stm32f10x_spi.c...
compiling stm32f10x_fsmc.c...
compiling stm32f10x_usart.c...
compiling stm32f10x_sdio.c...
compiling stm32f10x_dma.c...
compiling stm32f10x_i2c.c...
compiling core_cm3.c...
core_cm3.c: 
compiling system_stm32f10x.c...
compiling stm32_eval.c...
compiling stm32100b_eval_lcd.c...
assembling startup_stm32f10x_md_vl.s...
linking...
.\STM32100B-EVAL\STM32100B-EVAL.axf: Error: L6218E: Undefined symbol DAC_Cmd (referred from main.o).
.\STM32100B-EVAL\STM32100B-EVAL.axf: Error: L6218E: Undefined symbol DAC_Init (referred from main.o).
.\STM32100B-EVAL\STM32100B-EVAL.axf: Error: L6218E: Undefined symbol DAC_SetChannel1Data (referred from main.o).
.\STM32100B-EVAL\STM32100B-EVAL.axf: Error: L6218E: Undefined symbol DAC_SoftwareTriggerCmd (referred from main.o).
.\STM32100B-EVAL\STM32100B-EVAL.axf: Not enough information to list image symbols.
.\STM32100B-EVAL\STM32100B-EVAL.axf: Finished: 1 information, 0 warning and 4 error messages.
Target not created
Build target 'STM32100B-EVAL'
compiling stm32f10x_it.c...
compiling main.c...
compiling stm32f10x_rcc.c...
compiling stm32f10x_gpio.c...
compiling misc.c...
compiling stm32f10x_exti.c...
compiling stm32f10x_spi.c...
compiling stm32f10x_fsmc.c...
compiling stm32f10x_usart.c...
compiling stm32f10x_sdio.c...
compiling stm32f10x_dma.c...
compiling stm32f10x_i2c.c...
compiling stm32f10x_dac.c...
compiling core_cm3.c...
core_cm3.c: 
compiling system_stm32f10x.c...
compiling stm32_eval.c...
compiling stm32100b_eval_lcd.c...
assembling startup_stm32f10x_md_vl.s...
linking...
Program Size: Code=784 RO-data=304 RW-data=0 ZI-data=1040  
".\STM32100B-EVAL\STM32100B-EVAL.axf" - 0 Error(s), 0 Warning(s).
Load "C:\\ESEMPI-SW\\STM32-Examples\\Lib_3.3.0_DAC_STM32F100RBT_64pin_128KFlash_8KRam_KEIL\\STM32F10x_StdPeriph_Lib_V3.3.0\\Project\\STM32F10x_StdPeriph_Template\\MDK-ARM\\STM32100B-EVAL\\STM32100B-EVAL.AXF" 
USB Communication Failure
Load "C:\\ESEMPI-SW\\STM32-Examples\\Lib_3.3.0_DAC_STM32F100RBT_64pin_128KFlash_8KRam_KEIL\\STM32F10x_StdPeriph_Lib_V3.3.0\\Project\\STM32F10x_StdPeriph_Template\\MDK-ARM\\STM32100B-EVAL\\STM32100B-EVAL.AXF" 
Build target 'STM32100B-EVAL'
compiling stm32f10x_it.c...
compiling main.c...
compiling stm32f10x_rcc.c...
compiling stm32f10x_gpio.c...
compiling misc.c...
compiling stm32f10x_exti.c...
compiling stm32f10x_spi.c...
compiling stm32f10x_fsmc.c...
compiling stm32f10x_usart.c...
compiling stm32f10x_sdio.c...
compiling stm32f10x_dma.c...
compiling stm32f10x_i2c.c...
compiling stm32f10x_dac.c...
compiling core_cm3.c...
core_cm3.c: 
compiling system_stm32f10x.c...
compiling stm32_eval.c...
compiling stm32100b_eval_lcd.c...
assembling startup_stm32f10x_md_vl.s...
linking...
Program Size: Code=784 RO-data=304 RW-data=0 ZI-data=1040  
".\STM32100B-EVAL\STM32100B-EVAL.axf" - 0 Error(s), 0 Warning(s).
Build target 'STM32100B-EVAL'
compiling stm32f10x_it.c...
compiling main.c...
compiling stm32f10x_rcc.c...
compiling stm32f10x_gpio.c...
compiling misc.c...
compiling stm32f10x_exti.c...
compiling stm32f10x_spi.c...
compiling stm32f10x_fsmc.c...
compiling stm32f10x_usart.c...
compiling stm32f10x_sdio.c...
compiling stm32f10x_dma.c...
compiling stm32f10x_i2c.c...
compiling stm32f10x_dac.c...
compiling core_cm3.c...
core_cm3.c: 
compiling system_stm32f10x.c...
compiling stm32_eval.c...
compiling stm32100b_eval_lcd.c...
assembling startup_stm32f10x_md_vl.s...
linking...
Program Size: Code=784 RO-data=304 RW-data=0 ZI-data=1040  
".\STM32100B-EVAL\STM32100B-EVAL.axf" - 0 Error(s), 0 Warning(s).
Load "C:\\ESEMPI-SW\\STM32-Examples\\Lib_3.3.0_DAC_STM32F100RBT_64pin_128KFlash_8KRam_KEIL\\STM32F10x_StdPeriph_Lib_V3.3.0\\Project\\STM32F10x_StdPeriph_Template\\MDK-ARM\\STM32100B-EVAL\\STM32100B-EVAL.AXF" 
