ARM Linker, 4.1 [Build 481] [Evaluation]

==============================================================================

Section Cross References

    main.o(i.GPIO_Configuration) refers to stm32f10x_gpio.o(i.GPIO_Init) for GPIO_Init
    main.o(i.RCC_Configuration) refers to stm32f10x_rcc.o(i.RCC_APB2PeriphClockCmd) for RCC_APB2PeriphClockCmd
    main.o(i.RCC_Configuration) refers to stm32f10x_rcc.o(i.RCC_APB1PeriphClockCmd) for RCC_APB1PeriphClockCmd
    main.o(i.main) refers to main.o(i.RCC_Configuration) for RCC_Configuration
    main.o(i.main) refers to main.o(i.GPIO_Configuration) for GPIO_Configuration
    main.o(i.main) refers to stm32f10x_dac.o(i.DAC_Init) for DAC_Init
    main.o(i.main) refers to stm32f10x_dac.o(i.DAC_Cmd) for DAC_Cmd
    main.o(i.main) refers to stm32f10x_dac.o(i.DAC_SetChannel1Data) for DAC_SetChannel1Data
    main.o(i.main) refers to stm32f10x_dac.o(i.DAC_SoftwareTriggerCmd) for DAC_SoftwareTriggerCmd
    main.o(i.main) refers to main.o(.bss) for .bss
    stm32f10x_rcc.o(i.RCC_GetClocksFreq) refers to stm32f10x_rcc.o(.data) for .data
    stm32f10x_rcc.o(i.RCC_WaitForHSEStartUp) refers to stm32f10x_rcc.o(i.RCC_GetFlagStatus) for RCC_GetFlagStatus
    stm32f10x_gpio.o(i.GPIO_AFIODeInit) refers to stm32f10x_rcc.o(i.RCC_APB2PeriphResetCmd) for RCC_APB2PeriphResetCmd
    stm32f10x_gpio.o(i.GPIO_DeInit) refers to stm32f10x_rcc.o(i.RCC_APB2PeriphResetCmd) for RCC_APB2PeriphResetCmd
    stm32f10x_spi.o(i.I2S_Init) refers to stm32f10x_rcc.o(i.RCC_GetClocksFreq) for RCC_GetClocksFreq
    stm32f10x_spi.o(i.SPI_I2S_DeInit) refers to stm32f10x_rcc.o(i.RCC_APB2PeriphResetCmd) for RCC_APB2PeriphResetCmd
    stm32f10x_spi.o(i.SPI_I2S_DeInit) refers to stm32f10x_rcc.o(i.RCC_APB1PeriphResetCmd) for RCC_APB1PeriphResetCmd
    stm32f10x_usart.o(i.USART_DeInit) refers to stm32f10x_rcc.o(i.RCC_APB2PeriphResetCmd) for RCC_APB2PeriphResetCmd
    stm32f10x_usart.o(i.USART_DeInit) refers to stm32f10x_rcc.o(i.RCC_APB1PeriphResetCmd) for RCC_APB1PeriphResetCmd
    stm32f10x_usart.o(i.USART_Init) refers to stm32f10x_rcc.o(i.RCC_GetClocksFreq) for RCC_GetClocksFreq
    stm32f10x_i2c.o(i.I2C_DeInit) refers to stm32f10x_rcc.o(i.RCC_APB1PeriphResetCmd) for RCC_APB1PeriphResetCmd
    stm32f10x_i2c.o(i.I2C_Init) refers to stm32f10x_rcc.o(i.RCC_GetClocksFreq) for RCC_GetClocksFreq
    stm32f10x_dac.o(i.DAC_DeInit) refers to stm32f10x_rcc.o(i.RCC_APB1PeriphResetCmd) for RCC_APB1PeriphResetCmd
    system_stm32f10x.o(i.SystemCoreClockUpdate) refers to system_stm32f10x.o(.data) for .data
    system_stm32f10x.o(i.SystemInit) refers to system_stm32f10x.o(i.SetSysClockTo24) for SetSysClockTo24
    stm32_eval.o(i.LM75_LowLevel_DeInit) refers to stm32f10x_i2c.o(i.I2C_Cmd) for I2C_Cmd
    stm32_eval.o(i.LM75_LowLevel_DeInit) refers to stm32f10x_i2c.o(i.I2C_DeInit) for I2C_DeInit
    stm32_eval.o(i.LM75_LowLevel_DeInit) refers to stm32f10x_rcc.o(i.RCC_APB1PeriphClockCmd) for RCC_APB1PeriphClockCmd
    stm32_eval.o(i.LM75_LowLevel_DeInit) refers to stm32f10x_gpio.o(i.GPIO_Init) for GPIO_Init
    stm32_eval.o(i.LM75_LowLevel_Init) refers to stm32f10x_rcc.o(i.RCC_APB1PeriphClockCmd) for RCC_APB1PeriphClockCmd
    stm32_eval.o(i.LM75_LowLevel_Init) refers to stm32f10x_rcc.o(i.RCC_APB2PeriphClockCmd) for RCC_APB2PeriphClockCmd
    stm32_eval.o(i.LM75_LowLevel_Init) refers to stm32f10x_gpio.o(i.GPIO_Init) for GPIO_Init
    stm32_eval.o(i.SD_LowLevel_DeInit) refers to stm32f10x_spi.o(i.SPI_Cmd) for SPI_Cmd
    stm32_eval.o(i.SD_LowLevel_DeInit) refers to stm32f10x_spi.o(i.SPI_I2S_DeInit) for SPI_I2S_DeInit
    stm32_eval.o(i.SD_LowLevel_DeInit) refers to stm32f10x_rcc.o(i.RCC_APB2PeriphClockCmd) for RCC_APB2PeriphClockCmd
    stm32_eval.o(i.SD_LowLevel_DeInit) refers to stm32f10x_gpio.o(i.GPIO_Init) for GPIO_Init
    stm32_eval.o(i.SD_LowLevel_Init) refers to stm32f10x_rcc.o(i.RCC_APB2PeriphClockCmd) for RCC_APB2PeriphClockCmd
    stm32_eval.o(i.SD_LowLevel_Init) refers to stm32f10x_gpio.o(i.GPIO_Init) for GPIO_Init
    stm32_eval.o(i.SD_LowLevel_Init) refers to stm32f10x_spi.o(i.SPI_Init) for SPI_Init
    stm32_eval.o(i.SD_LowLevel_Init) refers to stm32f10x_spi.o(i.SPI_Cmd) for SPI_Cmd
    stm32_eval.o(i.STM_EVAL_COMInit) refers to stm32f10x_rcc.o(i.RCC_APB2PeriphClockCmd) for RCC_APB2PeriphClockCmd
    stm32_eval.o(i.STM_EVAL_COMInit) refers to stm32f10x_gpio.o(i.GPIO_PinRemapConfig) for GPIO_PinRemapConfig
    stm32_eval.o(i.STM_EVAL_COMInit) refers to stm32f10x_rcc.o(i.RCC_APB1PeriphClockCmd) for RCC_APB1PeriphClockCmd
    stm32_eval.o(i.STM_EVAL_COMInit) refers to stm32f10x_gpio.o(i.GPIO_Init) for GPIO_Init
    stm32_eval.o(i.STM_EVAL_COMInit) refers to stm32f10x_usart.o(i.USART_Init) for USART_Init
    stm32_eval.o(i.STM_EVAL_COMInit) refers to stm32f10x_usart.o(i.USART_Cmd) for USART_Cmd
    stm32_eval.o(i.STM_EVAL_COMInit) refers to stm32_eval.o(.constdata) for .constdata
    stm32_eval.o(i.STM_EVAL_COMInit) refers to stm32_eval.o(.data) for .data
    stm32_eval.o(i.STM_EVAL_LEDInit) refers to stm32f10x_rcc.o(i.RCC_APB2PeriphClockCmd) for RCC_APB2PeriphClockCmd
    stm32_eval.o(i.STM_EVAL_LEDInit) refers to stm32f10x_gpio.o(i.GPIO_Init) for GPIO_Init
    stm32_eval.o(i.STM_EVAL_LEDInit) refers to stm32_eval.o(.constdata) for .constdata
    stm32_eval.o(i.STM_EVAL_LEDInit) refers to stm32_eval.o(.data) for .data
    stm32_eval.o(i.STM_EVAL_LEDOff) refers to stm32_eval.o(.constdata) for .constdata
    stm32_eval.o(i.STM_EVAL_LEDOff) refers to stm32_eval.o(.data) for .data
    stm32_eval.o(i.STM_EVAL_LEDOn) refers to stm32_eval.o(.constdata) for .constdata
    stm32_eval.o(i.STM_EVAL_LEDOn) refers to stm32_eval.o(.data) for .data
    stm32_eval.o(i.STM_EVAL_LEDToggle) refers to stm32_eval.o(.data) for .data
    stm32_eval.o(i.STM_EVAL_LEDToggle) refers to stm32_eval.o(.constdata) for .constdata
    stm32_eval.o(i.STM_EVAL_PBGetState) refers to stm32f10x_gpio.o(i.GPIO_ReadInputDataBit) for GPIO_ReadInputDataBit
    stm32_eval.o(i.STM_EVAL_PBGetState) refers to stm32_eval.o(.constdata) for .constdata
    stm32_eval.o(i.STM_EVAL_PBGetState) refers to stm32_eval.o(.data) for .data
    stm32_eval.o(i.STM_EVAL_PBInit) refers to stm32f10x_rcc.o(i.RCC_APB2PeriphClockCmd) for RCC_APB2PeriphClockCmd
    stm32_eval.o(i.STM_EVAL_PBInit) refers to stm32f10x_gpio.o(i.GPIO_Init) for GPIO_Init
    stm32_eval.o(i.STM_EVAL_PBInit) refers to stm32f10x_gpio.o(i.GPIO_EXTILineConfig) for GPIO_EXTILineConfig
    stm32_eval.o(i.STM_EVAL_PBInit) refers to stm32f10x_exti.o(i.EXTI_Init) for EXTI_Init
    stm32_eval.o(i.STM_EVAL_PBInit) refers to misc.o(i.NVIC_Init) for NVIC_Init
    stm32_eval.o(i.STM_EVAL_PBInit) refers to stm32_eval.o(.constdata) for .constdata
    stm32_eval.o(i.STM_EVAL_PBInit) refers to stm32_eval.o(.data) for .data
    stm32_eval.o(i.sFLASH_LowLevel_DeInit) refers to stm32f10x_spi.o(i.SPI_Cmd) for SPI_Cmd
    stm32_eval.o(i.sFLASH_LowLevel_DeInit) refers to stm32f10x_spi.o(i.SPI_I2S_DeInit) for SPI_I2S_DeInit
    stm32_eval.o(i.sFLASH_LowLevel_DeInit) refers to stm32f10x_rcc.o(i.RCC_APB2PeriphClockCmd) for RCC_APB2PeriphClockCmd
    stm32_eval.o(i.sFLASH_LowLevel_DeInit) refers to stm32f10x_gpio.o(i.GPIO_Init) for GPIO_Init
    stm32_eval.o(i.sFLASH_LowLevel_Init) refers to stm32f10x_rcc.o(i.RCC_APB2PeriphClockCmd) for RCC_APB2PeriphClockCmd
    stm32_eval.o(i.sFLASH_LowLevel_Init) refers to stm32f10x_gpio.o(i.GPIO_Init) for GPIO_Init
    stm32100b_eval_lcd.o(i.LCD_Clear) refers to stm32100b_eval_lcd.o(i.LCD_SetCursor) for LCD_SetCursor
    stm32100b_eval_lcd.o(i.LCD_Clear) refers to stm32100b_eval_lcd.o(i.LCD_WriteRAM_Prepare) for LCD_WriteRAM_Prepare
    stm32100b_eval_lcd.o(i.LCD_Clear) refers to stm32100b_eval_lcd.o(i.LCD_WriteRAM) for LCD_WriteRAM
    stm32100b_eval_lcd.o(i.LCD_Clear) refers to stm32f10x_gpio.o(i.GPIO_WriteBit) for GPIO_WriteBit
    stm32100b_eval_lcd.o(i.LCD_Clear) refers to stm32100b_eval_lcd.o(.data) for .data
    stm32100b_eval_lcd.o(i.LCD_ClearLine) refers to stm32100b_eval_lcd.o(i.LCD_DisplayChar) for LCD_DisplayChar
    stm32100b_eval_lcd.o(i.LCD_ClearLine) refers to stm32100b_eval_lcd.o(.data) for .data
    stm32100b_eval_lcd.o(i.LCD_ClosedPolyLine) refers to stm32100b_eval_lcd.o(i.LCD_PolyLine) for LCD_PolyLine
    stm32100b_eval_lcd.o(i.LCD_ClosedPolyLine) refers to stm32100b_eval_lcd.o(i.LCD_DrawUniLine) for LCD_DrawUniLine
    stm32100b_eval_lcd.o(i.LCD_ClosedPolyLineRelative) refers to stm32100b_eval_lcd.o(i.LCD_PolyLineRelativeClosed) for LCD_PolyLineRelativeClosed
    stm32100b_eval_lcd.o(i.LCD_CtrlLinesConfig) refers to stm32f10x_rcc.o(i.RCC_APB2PeriphClockCmd) for RCC_APB2PeriphClockCmd
    stm32100b_eval_lcd.o(i.LCD_CtrlLinesConfig) refers to stm32f10x_gpio.o(i.GPIO_Init) for GPIO_Init
    stm32100b_eval_lcd.o(i.LCD_CtrlLinesConfig) refers to stm32f10x_gpio.o(i.GPIO_WriteBit) for GPIO_WriteBit
    stm32100b_eval_lcd.o(i.LCD_CtrlLinesWrite) refers to stm32f10x_gpio.o(i.GPIO_WriteBit) for GPIO_WriteBit
    stm32100b_eval_lcd.o(i.LCD_DeInit) refers to stm32100b_eval_lcd.o(i.LCD_DisplayOff) for LCD_DisplayOff
    stm32100b_eval_lcd.o(i.LCD_DeInit) refers to stm32f10x_spi.o(i.SPI_Cmd) for SPI_Cmd
    stm32100b_eval_lcd.o(i.LCD_DeInit) refers to stm32f10x_spi.o(i.SPI_I2S_DeInit) for SPI_I2S_DeInit
    stm32100b_eval_lcd.o(i.LCD_DeInit) refers to stm32f10x_rcc.o(i.RCC_APB1PeriphClockCmd) for RCC_APB1PeriphClockCmd
    stm32100b_eval_lcd.o(i.LCD_DeInit) refers to stm32f10x_gpio.o(i.GPIO_Init) for GPIO_Init
    stm32100b_eval_lcd.o(i.LCD_DisplayChar) refers to stm32100b_eval_lcd.o(i.LCD_DrawChar) for LCD_DrawChar
    stm32100b_eval_lcd.o(i.LCD_DisplayChar) refers to stm32100b_eval_lcd.o(.data) for .data
    stm32100b_eval_lcd.o(i.LCD_DisplayOff) refers to stm32100b_eval_lcd.o(i.LCD_WriteReg) for LCD_WriteReg
    stm32100b_eval_lcd.o(i.LCD_DisplayOff) refers to stm32100b_eval_lcd.o(i.delay) for delay
    stm32100b_eval_lcd.o(i.LCD_DisplayOff) refers to stm32100b_eval_lcd.o(.data) for .data
    stm32100b_eval_lcd.o(i.LCD_DisplayOn) refers to stm32100b_eval_lcd.o(i.LCD_WriteReg) for LCD_WriteReg
    stm32100b_eval_lcd.o(i.LCD_DisplayOn) refers to stm32100b_eval_lcd.o(i.delay) for delay
    stm32100b_eval_lcd.o(i.LCD_DisplayOn) refers to stm32100b_eval_lcd.o(.data) for .data
    stm32100b_eval_lcd.o(i.LCD_DisplayStringLine) refers to stm32100b_eval_lcd.o(i.LCD_DisplayChar) for LCD_DisplayChar
    stm32100b_eval_lcd.o(i.LCD_DisplayStringLine) refers to stm32100b_eval_lcd.o(.data) for .data
    stm32100b_eval_lcd.o(i.LCD_DrawChar) refers to stm32100b_eval_lcd.o(i.LCD_SetCursor) for LCD_SetCursor
    stm32100b_eval_lcd.o(i.LCD_DrawChar) refers to stm32100b_eval_lcd.o(i.LCD_WriteRAM_Prepare) for LCD_WriteRAM_Prepare
    stm32100b_eval_lcd.o(i.LCD_DrawChar) refers to stm32100b_eval_lcd.o(i.LCD_WriteRAM) for LCD_WriteRAM
    stm32100b_eval_lcd.o(i.LCD_DrawChar) refers to stm32f10x_gpio.o(i.GPIO_WriteBit) for GPIO_WriteBit
    stm32100b_eval_lcd.o(i.LCD_DrawChar) refers to stm32100b_eval_lcd.o(.data) for .data
    stm32100b_eval_lcd.o(i.LCD_DrawCircle) refers to stm32100b_eval_lcd.o(i.LCD_SetCursor) for LCD_SetCursor
    stm32100b_eval_lcd.o(i.LCD_DrawCircle) refers to stm32100b_eval_lcd.o(i.LCD_WriteRAMWord) for LCD_WriteRAMWord
    stm32100b_eval_lcd.o(i.LCD_DrawCircle) refers to stm32100b_eval_lcd.o(i.LCD_WriteRAM) for LCD_WriteRAM
    stm32100b_eval_lcd.o(i.LCD_DrawCircle) refers to stm32100b_eval_lcd.o(.data) for .data
    stm32100b_eval_lcd.o(i.LCD_DrawFullCircle) refers to stm32100b_eval_lcd.o(i.LCD_DrawLine) for LCD_DrawLine
    stm32100b_eval_lcd.o(i.LCD_DrawFullCircle) refers to stm32100b_eval_lcd.o(i.LCD_DrawCircle) for LCD_DrawCircle
    stm32100b_eval_lcd.o(i.LCD_DrawFullCircle) refers to stm32100b_eval_lcd.o(.data) for .data
    stm32100b_eval_lcd.o(i.LCD_DrawFullRect) refers to stm32100b_eval_lcd.o(i.LCD_DrawLine) for LCD_DrawLine
    stm32100b_eval_lcd.o(i.LCD_DrawFullRect) refers to stm32100b_eval_lcd.o(.data) for .data
    stm32100b_eval_lcd.o(i.LCD_DrawLine) refers to stm32100b_eval_lcd.o(i.LCD_SetCursor) for LCD_SetCursor
    stm32100b_eval_lcd.o(i.LCD_DrawLine) refers to stm32100b_eval_lcd.o(i.LCD_WriteRAM_Prepare) for LCD_WriteRAM_Prepare
    stm32100b_eval_lcd.o(i.LCD_DrawLine) refers to stm32100b_eval_lcd.o(i.LCD_WriteRAM) for LCD_WriteRAM
    stm32100b_eval_lcd.o(i.LCD_DrawLine) refers to stm32f10x_gpio.o(i.GPIO_WriteBit) for GPIO_WriteBit
    stm32100b_eval_lcd.o(i.LCD_DrawLine) refers to stm32100b_eval_lcd.o(i.LCD_WriteRAMWord) for LCD_WriteRAMWord
    stm32100b_eval_lcd.o(i.LCD_DrawLine) refers to stm32100b_eval_lcd.o(.data) for .data
    stm32100b_eval_lcd.o(i.LCD_DrawMonoPict) refers to stm32100b_eval_lcd.o(i.LCD_SetCursor) for LCD_SetCursor
    stm32100b_eval_lcd.o(i.LCD_DrawMonoPict) refers to stm32100b_eval_lcd.o(i.LCD_WriteRAM_Prepare) for LCD_WriteRAM_Prepare
    stm32100b_eval_lcd.o(i.LCD_DrawMonoPict) refers to stm32100b_eval_lcd.o(i.LCD_WriteRAM) for LCD_WriteRAM
    stm32100b_eval_lcd.o(i.LCD_DrawMonoPict) refers to stm32f10x_gpio.o(i.GPIO_WriteBit) for GPIO_WriteBit
    stm32100b_eval_lcd.o(i.LCD_DrawMonoPict) refers to stm32100b_eval_lcd.o(.data) for .data
    stm32100b_eval_lcd.o(i.LCD_DrawRect) refers to stm32100b_eval_lcd.o(i.LCD_DrawLine) for LCD_DrawLine
    stm32100b_eval_lcd.o(i.LCD_DrawUniLine) refers to stm32100b_eval_lcd.o(i.PutPixel) for PutPixel
    stm32100b_eval_lcd.o(i.LCD_FillPolyLine) refers to dfltui.o(.text) for __aeabi_ui2d
    stm32100b_eval_lcd.o(i.LCD_FillPolyLine) refers to dflti.o(.text) for __aeabi_i2d
    stm32100b_eval_lcd.o(i.LCD_FillPolyLine) refers to cdcmple.o(.text) for __aeabi_cdcmple
    stm32100b_eval_lcd.o(i.LCD_FillPolyLine) refers to cdrcmple.o(.text) for __aeabi_cdrcmple
    stm32100b_eval_lcd.o(i.LCD_FillPolyLine) refers to stm32100b_eval_lcd.o(i.LCD_DrawLine) for LCD_DrawLine
    stm32100b_eval_lcd.o(i.LCD_FillPolyLine) refers to stm32100b_eval_lcd.o(i.PutPixel) for PutPixel
    stm32100b_eval_lcd.o(i.LCD_FillPolyLine) refers to stm32100b_eval_lcd.o(.data) for .data
    stm32100b_eval_lcd.o(i.LCD_GetColors) refers to stm32100b_eval_lcd.o(.data) for .data
    stm32100b_eval_lcd.o(i.LCD_GetFont) refers to stm32100b_eval_lcd.o(.data) for .data
    stm32100b_eval_lcd.o(i.LCD_PolyLine) refers to stm32100b_eval_lcd.o(i.LCD_DrawUniLine) for LCD_DrawUniLine
    stm32100b_eval_lcd.o(i.LCD_PolyLineRelative) refers to stm32100b_eval_lcd.o(i.LCD_PolyLineRelativeClosed) for LCD_PolyLineRelativeClosed
    stm32100b_eval_lcd.o(i.LCD_PolyLineRelativeClosed) refers to stm32100b_eval_lcd.o(i.LCD_DrawUniLine) for LCD_DrawUniLine
    stm32100b_eval_lcd.o(i.LCD_PowerOn) refers to stm32100b_eval_lcd.o(i.LCD_WriteReg) for LCD_WriteReg
    stm32100b_eval_lcd.o(i.LCD_PowerOn) refers to stm32100b_eval_lcd.o(i.delay) for delay
    stm32100b_eval_lcd.o(i.LCD_PowerOn) refers to stm32100b_eval_lcd.o(.data) for .data
    stm32100b_eval_lcd.o(i.LCD_ReadReg) refers to stm32100b_eval_lcd.o(i.LCD_WriteRegIndex) for LCD_WriteRegIndex
    stm32100b_eval_lcd.o(i.LCD_ReadReg) refers to stm32100b_eval_lcd.o(i.LCD_nCS_StartByte) for LCD_nCS_StartByte
    stm32100b_eval_lcd.o(i.LCD_ReadReg) refers to stm32f10x_spi.o(i.SPI_I2S_SendData) for SPI_I2S_SendData
    stm32100b_eval_lcd.o(i.LCD_ReadReg) refers to stm32f10x_spi.o(i.SPI_I2S_GetFlagStatus) for SPI_I2S_GetFlagStatus
    stm32100b_eval_lcd.o(i.LCD_ReadReg) refers to stm32f10x_spi.o(i.SPI_I2S_ReceiveData) for SPI_I2S_ReceiveData
    stm32100b_eval_lcd.o(i.LCD_ReadReg) refers to stm32f10x_gpio.o(i.GPIO_WriteBit) for GPIO_WriteBit
    stm32100b_eval_lcd.o(i.LCD_SPIConfig) refers to stm32f10x_rcc.o(i.RCC_APB2PeriphClockCmd) for RCC_APB2PeriphClockCmd
    stm32100b_eval_lcd.o(i.LCD_SPIConfig) refers to stm32f10x_rcc.o(i.RCC_APB1PeriphClockCmd) for RCC_APB1PeriphClockCmd
    stm32100b_eval_lcd.o(i.LCD_SPIConfig) refers to stm32f10x_gpio.o(i.GPIO_Init) for GPIO_Init
    stm32100b_eval_lcd.o(i.LCD_SPIConfig) refers to stm32f10x_spi.o(i.SPI_I2S_DeInit) for SPI_I2S_DeInit
    stm32100b_eval_lcd.o(i.LCD_SPIConfig) refers to stm32f10x_spi.o(i.SPI_Init) for SPI_Init
    stm32100b_eval_lcd.o(i.LCD_SPIConfig) refers to stm32f10x_spi.o(i.SPI_Cmd) for SPI_Cmd
    stm32100b_eval_lcd.o(i.LCD_SPIConfig) refers to stm32100b_eval_lcd.o(.data) for .data
    stm32100b_eval_lcd.o(i.LCD_SetBackColor) refers to stm32100b_eval_lcd.o(.data) for .data
    stm32100b_eval_lcd.o(i.LCD_SetColors) refers to stm32100b_eval_lcd.o(.data) for .data
    stm32100b_eval_lcd.o(i.LCD_SetCursor) refers to stm32100b_eval_lcd.o(i.LCD_WriteReg) for LCD_WriteReg
    stm32100b_eval_lcd.o(i.LCD_SetCursor) refers to stm32100b_eval_lcd.o(.data) for .data
    stm32100b_eval_lcd.o(i.LCD_SetDisplayWindow) refers to stm32100b_eval_lcd.o(i.LCD_WriteReg) for LCD_WriteReg
    stm32100b_eval_lcd.o(i.LCD_SetDisplayWindow) refers to stm32100b_eval_lcd.o(i.LCD_SetCursor) for LCD_SetCursor
    stm32100b_eval_lcd.o(i.LCD_SetDisplayWindow) refers to stm32100b_eval_lcd.o(.data) for .data
    stm32100b_eval_lcd.o(i.LCD_SetFont) refers to stm32100b_eval_lcd.o(.data) for .data
    stm32100b_eval_lcd.o(i.LCD_SetTextColor) refers to stm32100b_eval_lcd.o(.data) for .data
    stm32100b_eval_lcd.o(i.LCD_Setup) refers to stm32100b_eval_lcd.o(i.LCD_CtrlLinesConfig) for LCD_CtrlLinesConfig
    stm32100b_eval_lcd.o(i.LCD_Setup) refers to stm32100b_eval_lcd.o(i.LCD_SPIConfig) for LCD_SPIConfig
    stm32100b_eval_lcd.o(i.LCD_Setup) refers to stm32100b_eval_lcd.o(i.delay) for delay
    stm32100b_eval_lcd.o(i.LCD_Setup) refers to stm32100b_eval_lcd.o(i.LCD_WriteReg) for LCD_WriteReg
    stm32100b_eval_lcd.o(i.LCD_Setup) refers to stm32100b_eval_lcd.o(.data) for .data
    stm32100b_eval_lcd.o(i.LCD_WindowModeDisable) refers to stm32100b_eval_lcd.o(i.LCD_SetDisplayWindow) for LCD_SetDisplayWindow
    stm32100b_eval_lcd.o(i.LCD_WindowModeDisable) refers to stm32100b_eval_lcd.o(i.LCD_WriteReg) for LCD_WriteReg
    stm32100b_eval_lcd.o(i.LCD_WindowModeDisable) refers to stm32100b_eval_lcd.o(.data) for .data
    stm32100b_eval_lcd.o(i.LCD_WriteRAM) refers to stm32f10x_spi.o(i.SPI_I2S_SendData) for SPI_I2S_SendData
    stm32100b_eval_lcd.o(i.LCD_WriteRAM) refers to stm32f10x_spi.o(i.SPI_I2S_GetFlagStatus) for SPI_I2S_GetFlagStatus
    stm32100b_eval_lcd.o(i.LCD_WriteRAM) refers to stm32f10x_gpio.o(i.GPIO_WriteBit) for GPIO_WriteBit
    stm32100b_eval_lcd.o(i.LCD_WriteRAM) refers to stm32100b_eval_lcd.o(.data) for .data
    stm32100b_eval_lcd.o(i.LCD_WriteRAMWord) refers to stm32100b_eval_lcd.o(i.LCD_WriteRAM_Prepare) for LCD_WriteRAM_Prepare
    stm32100b_eval_lcd.o(i.LCD_WriteRAMWord) refers to stm32100b_eval_lcd.o(i.LCD_WriteRAM) for LCD_WriteRAM
    stm32100b_eval_lcd.o(i.LCD_WriteRAMWord) refers to stm32f10x_gpio.o(i.GPIO_WriteBit) for GPIO_WriteBit
    stm32100b_eval_lcd.o(i.LCD_WriteRAM_Prepare) refers to stm32100b_eval_lcd.o(i.LCD_WriteRegIndex) for LCD_WriteRegIndex
    stm32100b_eval_lcd.o(i.LCD_WriteRAM_Prepare) refers to stm32100b_eval_lcd.o(i.LCD_nCS_StartByte) for LCD_nCS_StartByte
    stm32100b_eval_lcd.o(i.LCD_WriteReg) refers to stm32100b_eval_lcd.o(i.LCD_WriteRegIndex) for LCD_WriteRegIndex
    stm32100b_eval_lcd.o(i.LCD_WriteReg) refers to stm32100b_eval_lcd.o(i.LCD_nCS_StartByte) for LCD_nCS_StartByte
    stm32100b_eval_lcd.o(i.LCD_WriteReg) refers to stm32f10x_spi.o(i.SPI_I2S_SendData) for SPI_I2S_SendData
    stm32100b_eval_lcd.o(i.LCD_WriteReg) refers to stm32f10x_spi.o(i.SPI_I2S_GetFlagStatus) for SPI_I2S_GetFlagStatus
    stm32100b_eval_lcd.o(i.LCD_WriteReg) refers to stm32f10x_gpio.o(i.GPIO_WriteBit) for GPIO_WriteBit
    stm32100b_eval_lcd.o(i.LCD_WriteReg) refers to stm32100b_eval_lcd.o(.data) for .data
    stm32100b_eval_lcd.o(i.LCD_WriteRegIndex) refers to stm32100b_eval_lcd.o(i.LCD_nCS_StartByte) for LCD_nCS_StartByte
    stm32100b_eval_lcd.o(i.LCD_WriteRegIndex) refers to stm32f10x_spi.o(i.SPI_I2S_SendData) for SPI_I2S_SendData
    stm32100b_eval_lcd.o(i.LCD_WriteRegIndex) refers to stm32f10x_spi.o(i.SPI_I2S_GetFlagStatus) for SPI_I2S_GetFlagStatus
    stm32100b_eval_lcd.o(i.LCD_WriteRegIndex) refers to stm32f10x_gpio.o(i.GPIO_WriteBit) for GPIO_WriteBit
    stm32100b_eval_lcd.o(i.LCD_nCS_StartByte) refers to stm32f10x_gpio.o(i.GPIO_WriteBit) for GPIO_WriteBit
    stm32100b_eval_lcd.o(i.LCD_nCS_StartByte) refers to stm32f10x_spi.o(i.SPI_I2S_SendData) for SPI_I2S_SendData
    stm32100b_eval_lcd.o(i.LCD_nCS_StartByte) refers to stm32f10x_spi.o(i.SPI_I2S_GetFlagStatus) for SPI_I2S_GetFlagStatus
    stm32100b_eval_lcd.o(i.PutPixel) refers to stm32100b_eval_lcd.o(i.LCD_DrawLine) for LCD_DrawLine
    stm32100b_eval_lcd.o(i.STM32100B_LCD_Init) refers to stm32100b_eval_lcd.o(i.LCD_Setup) for LCD_Setup
    stm32100b_eval_lcd.o(i.STM32100B_LCD_Init) refers to stm32100b_eval_lcd.o(i.LCD_ReadReg) for LCD_ReadReg
    stm32100b_eval_lcd.o(i.STM32100B_LCD_Init) refers to stm32100b_eval_lcd.o(.data) for .data
    stm32100b_eval_lcd.o(.data) refers to stm32100b_eval_lcd.o(.constdata) for ASCII16x24_Table
    stm32100b_eval_lcd.o(.data) refers to stm32100b_eval_lcd.o(.constdata) for ASCII12x12_Table
    stm32100b_eval_lcd.o(.data) refers to stm32100b_eval_lcd.o(.constdata) for ASCII8x12_Table
    stm32100b_eval_lcd.o(.data) refers to stm32100b_eval_lcd.o(.constdata) for ASCII8x8_Table
    startup_stm32f10x_md_vl.o(RESET) refers to startup_stm32f10x_md_vl.o(STACK) for __initial_sp
    startup_stm32f10x_md_vl.o(RESET) refers to startup_stm32f10x_md_vl.o(.text) for Reset_Handler
    startup_stm32f10x_md_vl.o(RESET) refers to stm32f10x_it.o(i.NMI_Handler) for NMI_Handler
    startup_stm32f10x_md_vl.o(RESET) refers to stm32f10x_it.o(i.HardFault_Handler) for HardFault_Handler
    startup_stm32f10x_md_vl.o(RESET) refers to stm32f10x_it.o(i.MemManage_Handler) for MemManage_Handler
    startup_stm32f10x_md_vl.o(RESET) refers to stm32f10x_it.o(i.BusFault_Handler) for BusFault_Handler
    startup_stm32f10x_md_vl.o(RESET) refers to stm32f10x_it.o(i.UsageFault_Handler) for UsageFault_Handler
    startup_stm32f10x_md_vl.o(RESET) refers to stm32f10x_it.o(i.SVC_Handler) for SVC_Handler
    startup_stm32f10x_md_vl.o(RESET) refers to stm32f10x_it.o(i.DebugMon_Handler) for DebugMon_Handler
    startup_stm32f10x_md_vl.o(RESET) refers to stm32f10x_it.o(i.PendSV_Handler) for PendSV_Handler
    startup_stm32f10x_md_vl.o(RESET) refers to stm32f10x_it.o(i.SysTick_Handler) for SysTick_Handler
    startup_stm32f10x_md_vl.o(.text) refers to system_stm32f10x.o(i.SystemInit) for SystemInit
    startup_stm32f10x_md_vl.o(.text) refers to entry.o(.ARM.Collect$$$$00000000) for __main
    entry.o(.ARM.Collect$$$$00000000) refers (Special) to entry7.o(.ARM.Collect$$$$00000007) for _main_init
    entry.o(.ARM.Collect$$$$00000000) refers (Special) to entry5.o(.ARM.Collect$$$$00000004) for _main_scatterload
    entry.o(.ARM.Collect$$$$00000000) refers (Special) to entry2.o(.ARM.Collect$$$$00000001) for _main_stk
    dflti.o(.text) refers (Special) to iusefp.o(.text) for __I$use$fp
    dflti.o(.text) refers to depilogue.o(.text) for _double_epilogue
    dfltui.o(.text) refers (Special) to iusefp.o(.text) for __I$use$fp
    dfltui.o(.text) refers to depilogue.o(.text) for _double_epilogue
    cdcmple.o(.text) refers (Special) to iusefp.o(.text) for __I$use$fp
    cdrcmple.o(.text) refers (Special) to iusefp.o(.text) for __I$use$fp
    entry2.o(.ARM.Collect$$$$00000001) refers to entry2.o(.ARM.Collect$$$$00002712) for __lit__00000000
    entry2.o(.ARM.Collect$$$$00002712) refers to startup_stm32f10x_md_vl.o(STACK) for __initial_sp
    entry2.o(__vectab_stack_and_reset_area) refers to startup_stm32f10x_md_vl.o(STACK) for __initial_sp
    entry2.o(__vectab_stack_and_reset_area) refers to entry.o(.ARM.Collect$$$$00000000) for __main
    entry5.o(.ARM.Collect$$$$00000004) refers to init.o(.text) for __scatterload
    entry7.o(.ARM.Collect$$$$00000007) refers to main.o(i.main) for main
    depilogue.o(.text) refers to llshl.o(.text) for __aeabi_llsl
    depilogue.o(.text) refers to llushr.o(.text) for __aeabi_llsr
    init.o(.text) refers to entry5.o(.ARM.Collect$$$$00000004) for __main_after_scatterload


==============================================================================

Removing Unused input sections from the image.

    Removing main.o(i.Delay), (10 bytes).
    Removing stm32f10x_rcc.o(i.RCC_ADCCLKConfig), (20 bytes).
    Removing stm32f10x_rcc.o(i.RCC_AHBPeriphClockCmd), (24 bytes).
    Removing stm32f10x_rcc.o(i.RCC_APB1PeriphResetCmd), (24 bytes).
    Removing stm32f10x_rcc.o(i.RCC_APB2PeriphResetCmd), (24 bytes).
    Removing stm32f10x_rcc.o(i.RCC_AdjustHSICalibrationValue), (20 bytes).
    Removing stm32f10x_rcc.o(i.RCC_BackupResetCmd), (12 bytes).
    Removing stm32f10x_rcc.o(i.RCC_ClearFlag), (16 bytes).
    Removing stm32f10x_rcc.o(i.RCC_ClearITPendingBit), (12 bytes).
    Removing stm32f10x_rcc.o(i.RCC_ClockSecuritySystemCmd), (12 bytes).
    Removing stm32f10x_rcc.o(i.RCC_DeInit), (68 bytes).
    Removing stm32f10x_rcc.o(i.RCC_GetClocksFreq), (156 bytes).
    Removing stm32f10x_rcc.o(i.RCC_GetFlagStatus), (48 bytes).
    Removing stm32f10x_rcc.o(i.RCC_GetITStatus), (20 bytes).
    Removing stm32f10x_rcc.o(i.RCC_GetSYSCLKSource), (16 bytes).
    Removing stm32f10x_rcc.o(i.RCC_HCLKConfig), (20 bytes).
    Removing stm32f10x_rcc.o(i.RCC_HSEConfig), (52 bytes).
    Removing stm32f10x_rcc.o(i.RCC_HSICmd), (12 bytes).
    Removing stm32f10x_rcc.o(i.RCC_ITConfig), (24 bytes).
    Removing stm32f10x_rcc.o(i.RCC_LSEConfig), (32 bytes).
    Removing stm32f10x_rcc.o(i.RCC_LSICmd), (12 bytes).
    Removing stm32f10x_rcc.o(i.RCC_MCOConfig), (12 bytes).
    Removing stm32f10x_rcc.o(i.RCC_PCLK1Config), (20 bytes).
    Removing stm32f10x_rcc.o(i.RCC_PCLK2Config), (20 bytes).
    Removing stm32f10x_rcc.o(i.RCC_PLLCmd), (12 bytes).
    Removing stm32f10x_rcc.o(i.RCC_PLLConfig), (20 bytes).
    Removing stm32f10x_rcc.o(i.RCC_PREDIV1Config), (28 bytes).
    Removing stm32f10x_rcc.o(i.RCC_RTCCLKCmd), (12 bytes).
    Removing stm32f10x_rcc.o(i.RCC_RTCCLKConfig), (16 bytes).
    Removing stm32f10x_rcc.o(i.RCC_SYSCLKConfig), (20 bytes).
    Removing stm32f10x_rcc.o(i.RCC_USBCLKConfig), (12 bytes).
    Removing stm32f10x_rcc.o(i.RCC_WaitForHSEStartUp), (38 bytes).
    Removing stm32f10x_rcc.o(.data), (20 bytes).
    Removing stm32f10x_gpio.o(i.GPIO_AFIODeInit), (22 bytes).
    Removing stm32f10x_gpio.o(i.GPIO_DeInit), (180 bytes).
    Removing stm32f10x_gpio.o(i.GPIO_ETH_MediaInterfaceConfig), (12 bytes).
    Removing stm32f10x_gpio.o(i.GPIO_EXTILineConfig), (40 bytes).
    Removing stm32f10x_gpio.o(i.GPIO_EventOutputCmd), (12 bytes).
    Removing stm32f10x_gpio.o(i.GPIO_EventOutputConfig), (28 bytes).
    Removing stm32f10x_gpio.o(i.GPIO_PinLockConfig), (16 bytes).
    Removing stm32f10x_gpio.o(i.GPIO_PinRemapConfig), (88 bytes).
    Removing stm32f10x_gpio.o(i.GPIO_ReadInputData), (6 bytes).
    Removing stm32f10x_gpio.o(i.GPIO_ReadInputDataBit), (14 bytes).
    Removing stm32f10x_gpio.o(i.GPIO_ReadOutputData), (6 bytes).
    Removing stm32f10x_gpio.o(i.GPIO_ReadOutputDataBit), (14 bytes).
    Removing stm32f10x_gpio.o(i.GPIO_ResetBits), (4 bytes).
    Removing stm32f10x_gpio.o(i.GPIO_SetBits), (4 bytes).
    Removing stm32f10x_gpio.o(i.GPIO_StructInit), (16 bytes).
    Removing stm32f10x_gpio.o(i.GPIO_Write), (4 bytes).
    Removing stm32f10x_gpio.o(i.GPIO_WriteBit), (10 bytes).
    Removing misc.o(i.NVIC_Init), (92 bytes).
    Removing misc.o(i.NVIC_PriorityGroupConfig), (20 bytes).
    Removing misc.o(i.NVIC_SetVectorTable), (20 bytes).
    Removing misc.o(i.NVIC_SystemLPConfig), (24 bytes).
    Removing misc.o(i.SysTick_CLKSourceConfig), (24 bytes).
    Removing stm32f10x_exti.o(i.EXTI_ClearFlag), (12 bytes).
    Removing stm32f10x_exti.o(i.EXTI_ClearITPendingBit), (12 bytes).
    Removing stm32f10x_exti.o(i.EXTI_DeInit), (28 bytes).
    Removing stm32f10x_exti.o(i.EXTI_GenerateSWInterrupt), (16 bytes).
    Removing stm32f10x_exti.o(i.EXTI_GetFlagStatus), (20 bytes).
    Removing stm32f10x_exti.o(i.EXTI_GetITStatus), (32 bytes).
    Removing stm32f10x_exti.o(i.EXTI_Init), (132 bytes).
    Removing stm32f10x_exti.o(i.EXTI_StructInit), (14 bytes).
    Removing stm32f10x_spi.o(i.I2S_Cmd), (20 bytes).
    Removing stm32f10x_spi.o(i.I2S_Init), (146 bytes).
    Removing stm32f10x_spi.o(i.I2S_StructInit), (18 bytes).
    Removing stm32f10x_spi.o(i.SPI_BiDirectionalLineConfig), (22 bytes).
    Removing stm32f10x_spi.o(i.SPI_CalculateCRC), (20 bytes).
    Removing stm32f10x_spi.o(i.SPI_Cmd), (20 bytes).
    Removing stm32f10x_spi.o(i.SPI_DataSizeConfig), (16 bytes).
    Removing stm32f10x_spi.o(i.SPI_GetCRC), (12 bytes).
    Removing stm32f10x_spi.o(i.SPI_GetCRCPolynomial), (4 bytes).
    Removing stm32f10x_spi.o(i.SPI_I2S_ClearFlag), (6 bytes).
    Removing stm32f10x_spi.o(i.SPI_I2S_ClearITPendingBit), (14 bytes).
    Removing stm32f10x_spi.o(i.SPI_I2S_DMACmd), (16 bytes).
    Removing stm32f10x_spi.o(i.SPI_I2S_DeInit), (84 bytes).
    Removing stm32f10x_spi.o(i.SPI_I2S_GetFlagStatus), (14 bytes).
    Removing stm32f10x_spi.o(i.SPI_I2S_GetITStatus), (42 bytes).
    Removing stm32f10x_spi.o(i.SPI_I2S_ITConfig), (24 bytes).
    Removing stm32f10x_spi.o(i.SPI_I2S_ReceiveData), (4 bytes).
    Removing stm32f10x_spi.o(i.SPI_I2S_SendData), (4 bytes).
    Removing stm32f10x_spi.o(i.SPI_Init), (56 bytes).
    Removing stm32f10x_spi.o(i.SPI_NSSInternalSoftwareConfig), (24 bytes).
    Removing stm32f10x_spi.o(i.SPI_SSOutputCmd), (20 bytes).
    Removing stm32f10x_spi.o(i.SPI_StructInit), (24 bytes).
    Removing stm32f10x_spi.o(i.SPI_TransmitCRC), (10 bytes).
    Removing stm32f10x_fsmc.o(i.FSMC_ClearFlag), (42 bytes).
    Removing stm32f10x_fsmc.o(i.FSMC_ClearITPendingBit), (44 bytes).
    Removing stm32f10x_fsmc.o(i.FSMC_GetECC), (18 bytes).
    Removing stm32f10x_fsmc.o(i.FSMC_GetFlagStatus), (40 bytes).
    Removing stm32f10x_fsmc.o(i.FSMC_GetITStatus), (48 bytes).
    Removing stm32f10x_fsmc.o(i.FSMC_ITConfig), (80 bytes).
    Removing stm32f10x_fsmc.o(i.FSMC_NANDCmd), (56 bytes).
    Removing stm32f10x_fsmc.o(i.FSMC_NANDDeInit), (40 bytes).
    Removing stm32f10x_fsmc.o(i.FSMC_NANDECCCmd), (56 bytes).
    Removing stm32f10x_fsmc.o(i.FSMC_NANDInit), (100 bytes).
    Removing stm32f10x_fsmc.o(i.FSMC_NANDStructInit), (54 bytes).
    Removing stm32f10x_fsmc.o(i.FSMC_NORSRAMCmd), (32 bytes).
    Removing stm32f10x_fsmc.o(i.FSMC_NORSRAMDeInit), (36 bytes).
    Removing stm32f10x_fsmc.o(i.FSMC_NORSRAMInit), (188 bytes).
    Removing stm32f10x_fsmc.o(i.FSMC_NORSRAMStructInit), (96 bytes).
    Removing stm32f10x_fsmc.o(i.FSMC_PCCARDCmd), (32 bytes).
    Removing stm32f10x_fsmc.o(i.FSMC_PCCARDDeInit), (28 bytes).
    Removing stm32f10x_fsmc.o(i.FSMC_PCCARDInit), (112 bytes).
    Removing stm32f10x_fsmc.o(i.FSMC_PCCARDStructInit), (60 bytes).
    Removing stm32f10x_usart.o(i.USART_ClearFlag), (6 bytes).
    Removing stm32f10x_usart.o(i.USART_ClearITPendingBit), (12 bytes).
    Removing stm32f10x_usart.o(i.USART_ClockInit), (30 bytes).
    Removing stm32f10x_usart.o(i.USART_ClockStructInit), (12 bytes).
    Removing stm32f10x_usart.o(i.USART_Cmd), (20 bytes).
    Removing stm32f10x_usart.o(i.USART_DMACmd), (16 bytes).
    Removing stm32f10x_usart.o(i.USART_DeInit), (116 bytes).
    Removing stm32f10x_usart.o(i.USART_GetFlagStatus), (14 bytes).
    Removing stm32f10x_usart.o(i.USART_GetITStatus), (62 bytes).
    Removing stm32f10x_usart.o(i.USART_HalfDuplexCmd), (20 bytes).
    Removing stm32f10x_usart.o(i.USART_ITConfig), (48 bytes).
    Removing stm32f10x_usart.o(i.USART_Init), (180 bytes).
    Removing stm32f10x_usart.o(i.USART_IrDACmd), (20 bytes).
    Removing stm32f10x_usart.o(i.USART_IrDAConfig), (16 bytes).
    Removing stm32f10x_usart.o(i.USART_LINBreakDetectLengthConfig), (16 bytes).
    Removing stm32f10x_usart.o(i.USART_LINCmd), (20 bytes).
    Removing stm32f10x_usart.o(i.USART_OneBitMethodCmd), (20 bytes).
    Removing stm32f10x_usart.o(i.USART_OverSampling8Cmd), (20 bytes).
    Removing stm32f10x_usart.o(i.USART_ReceiveData), (8 bytes).
    Removing stm32f10x_usart.o(i.USART_ReceiverWakeUpCmd), (20 bytes).
    Removing stm32f10x_usart.o(i.USART_SendBreak), (10 bytes).
    Removing stm32f10x_usart.o(i.USART_SendData), (8 bytes).
    Removing stm32f10x_usart.o(i.USART_SetAddress), (16 bytes).
    Removing stm32f10x_usart.o(i.USART_SetGuardTime), (16 bytes).
    Removing stm32f10x_usart.o(i.USART_SetPrescaler), (16 bytes).
    Removing stm32f10x_usart.o(i.USART_SmartCardCmd), (20 bytes).
    Removing stm32f10x_usart.o(i.USART_SmartCardNACKCmd), (20 bytes).
    Removing stm32f10x_usart.o(i.USART_StructInit), (22 bytes).
    Removing stm32f10x_usart.o(i.USART_WakeUpConfig), (16 bytes).
    Removing stm32f10x_sdio.o(i.SDIO_CEATAITCmd), (16 bytes).
    Removing stm32f10x_sdio.o(i.SDIO_ClearFlag), (12 bytes).
    Removing stm32f10x_sdio.o(i.SDIO_ClearITPendingBit), (12 bytes).
    Removing stm32f10x_sdio.o(i.SDIO_ClockCmd), (12 bytes).
    Removing stm32f10x_sdio.o(i.SDIO_CmdStructInit), (14 bytes).
    Removing stm32f10x_sdio.o(i.SDIO_CommandCompletionCmd), (12 bytes).
    Removing stm32f10x_sdio.o(i.SDIO_DMACmd), (12 bytes).
    Removing stm32f10x_sdio.o(i.SDIO_DataConfig), (44 bytes).
    Removing stm32f10x_sdio.o(i.SDIO_DataStructInit), (20 bytes).
    Removing stm32f10x_sdio.o(i.SDIO_DeInit), (36 bytes).
    Removing stm32f10x_sdio.o(i.SDIO_GetCommandResponse), (12 bytes).
    Removing stm32f10x_sdio.o(i.SDIO_GetDataCounter), (12 bytes).
    Removing stm32f10x_sdio.o(i.SDIO_GetFIFOCount), (12 bytes).
    Removing stm32f10x_sdio.o(i.SDIO_GetFlagStatus), (20 bytes).
    Removing stm32f10x_sdio.o(i.SDIO_GetITStatus), (20 bytes).
    Removing stm32f10x_sdio.o(i.SDIO_GetPowerState), (16 bytes).
    Removing stm32f10x_sdio.o(i.SDIO_GetResponse), (12 bytes).
    Removing stm32f10x_sdio.o(i.SDIO_ITConfig), (24 bytes).
    Removing stm32f10x_sdio.o(i.SDIO_Init), (44 bytes).
    Removing stm32f10x_sdio.o(i.SDIO_ReadData), (12 bytes).
    Removing stm32f10x_sdio.o(i.SDIO_SendCEATACmd), (12 bytes).
    Removing stm32f10x_sdio.o(i.SDIO_SendCommand), (40 bytes).
    Removing stm32f10x_sdio.o(i.SDIO_SendSDIOSuspendCmd), (12 bytes).
    Removing stm32f10x_sdio.o(i.SDIO_SetPowerState), (24 bytes).
    Removing stm32f10x_sdio.o(i.SDIO_SetSDIOOperation), (12 bytes).
    Removing stm32f10x_sdio.o(i.SDIO_SetSDIOReadWaitMode), (12 bytes).
    Removing stm32f10x_sdio.o(i.SDIO_StartSDIOReadWait), (12 bytes).
    Removing stm32f10x_sdio.o(i.SDIO_StopSDIOReadWait), (12 bytes).
    Removing stm32f10x_sdio.o(i.SDIO_StructInit), (16 bytes).
    Removing stm32f10x_sdio.o(i.SDIO_WriteData), (12 bytes).
    Removing stm32f10x_dma.o(i.DMA_ClearFlag), (20 bytes).
    Removing stm32f10x_dma.o(i.DMA_ClearITPendingBit), (20 bytes).
    Removing stm32f10x_dma.o(i.DMA_Cmd), (20 bytes).
    Removing stm32f10x_dma.o(i.DMA_DeInit), (236 bytes).
    Removing stm32f10x_dma.o(i.DMA_GetCurrDataCounter), (6 bytes).
    Removing stm32f10x_dma.o(i.DMA_GetFlagStatus), (32 bytes).
    Removing stm32f10x_dma.o(i.DMA_GetITStatus), (32 bytes).
    Removing stm32f10x_dma.o(i.DMA_ITConfig), (16 bytes).
    Removing stm32f10x_dma.o(i.DMA_Init), (58 bytes).
    Removing stm32f10x_dma.o(i.DMA_StructInit), (26 bytes).
    Removing stm32f10x_i2c.o(i.I2C_ARPCmd), (20 bytes).
    Removing stm32f10x_i2c.o(i.I2C_AcknowledgeConfig), (20 bytes).
    Removing stm32f10x_i2c.o(i.I2C_CalculatePEC), (20 bytes).
    Removing stm32f10x_i2c.o(i.I2C_CheckEvent), (24 bytes).
    Removing stm32f10x_i2c.o(i.I2C_ClearFlag), (6 bytes).
    Removing stm32f10x_i2c.o(i.I2C_ClearITPendingBit), (6 bytes).
    Removing stm32f10x_i2c.o(i.I2C_Cmd), (20 bytes).
    Removing stm32f10x_i2c.o(i.I2C_DMACmd), (20 bytes).
    Removing stm32f10x_i2c.o(i.I2C_DMALastTransferCmd), (20 bytes).
    Removing stm32f10x_i2c.o(i.I2C_DeInit), (44 bytes).
    Removing stm32f10x_i2c.o(i.I2C_DualAddressCmd), (20 bytes).
    Removing stm32f10x_i2c.o(i.I2C_FastModeDutyCycleConfig), (22 bytes).
    Removing stm32f10x_i2c.o(i.I2C_GeneralCallCmd), (20 bytes).
    Removing stm32f10x_i2c.o(i.I2C_GenerateSTART), (20 bytes).
    Removing stm32f10x_i2c.o(i.I2C_GenerateSTOP), (20 bytes).
    Removing stm32f10x_i2c.o(i.I2C_GetFlagStatus), (30 bytes).
    Removing stm32f10x_i2c.o(i.I2C_GetITStatus), (32 bytes).
    Removing stm32f10x_i2c.o(i.I2C_GetLastEvent), (14 bytes).
    Removing stm32f10x_i2c.o(i.I2C_GetPEC), (6 bytes).
    Removing stm32f10x_i2c.o(i.I2C_ITConfig), (16 bytes).
    Removing stm32f10x_i2c.o(i.I2C_Init), (184 bytes).
    Removing stm32f10x_i2c.o(i.I2C_OwnAddress2Config), (16 bytes).
    Removing stm32f10x_i2c.o(i.I2C_PECPositionConfig), (22 bytes).
    Removing stm32f10x_i2c.o(i.I2C_ReadRegister), (4 bytes).
    Removing stm32f10x_i2c.o(i.I2C_ReceiveData), (6 bytes).
    Removing stm32f10x_i2c.o(i.I2C_SMBusAlertConfig), (22 bytes).
    Removing stm32f10x_i2c.o(i.I2C_Send7bitAddress), (16 bytes).
    Removing stm32f10x_i2c.o(i.I2C_SendData), (4 bytes).
    Removing stm32f10x_i2c.o(i.I2C_SoftwareResetCmd), (20 bytes).
    Removing stm32f10x_i2c.o(i.I2C_StretchClockCmd), (20 bytes).
    Removing stm32f10x_i2c.o(i.I2C_StructInit), (28 bytes).
    Removing stm32f10x_i2c.o(i.I2C_TransmitPEC), (20 bytes).
    Removing stm32f10x_dac.o(i.DAC_ClearFlag), (12 bytes).
    Removing stm32f10x_dac.o(i.DAC_ClearITPendingBit), (12 bytes).
    Removing stm32f10x_dac.o(i.DAC_DMACmd), (28 bytes).
    Removing stm32f10x_dac.o(i.DAC_DeInit), (24 bytes).
    Removing stm32f10x_dac.o(i.DAC_DualSoftwareTriggerCmd), (32 bytes).
    Removing stm32f10x_dac.o(i.DAC_GetDataOutputValue), (16 bytes).
    Removing stm32f10x_dac.o(i.DAC_GetFlagStatus), (24 bytes).
    Removing stm32f10x_dac.o(i.DAC_GetITStatus), (36 bytes).
    Removing stm32f10x_dac.o(i.DAC_ITConfig), (28 bytes).
    Removing stm32f10x_dac.o(i.DAC_SetChannel2Data), (12 bytes).
    Removing stm32f10x_dac.o(i.DAC_SetDualChannelData), (28 bytes).
    Removing stm32f10x_dac.o(i.DAC_StructInit), (12 bytes).
    Removing stm32f10x_dac.o(i.DAC_WaveGenerationCmd), (28 bytes).
    Removing core_cm3.o(.emb_text), (32 bytes).
    Removing system_stm32f10x.o(i.SystemCoreClockUpdate), (108 bytes).
    Removing system_stm32f10x.o(.data), (20 bytes).
    Removing stm32_eval.o(i.LM75_LowLevel_DeInit), (88 bytes).
    Removing stm32_eval.o(i.LM75_LowLevel_Init), (88 bytes).
    Removing stm32_eval.o(i.SD_LowLevel_DeInit), (120 bytes).
    Removing stm32_eval.o(i.SD_LowLevel_Init), (204 bytes).
    Removing stm32_eval.o(i.STM_EVAL_COMInit), (172 bytes).
    Removing stm32_eval.o(i.STM_EVAL_LEDInit), (64 bytes).
    Removing stm32_eval.o(i.STM_EVAL_LEDOff), (24 bytes).
    Removing stm32_eval.o(i.STM_EVAL_LEDOn), (24 bytes).
    Removing stm32_eval.o(i.STM_EVAL_LEDToggle), (28 bytes).
    Removing stm32_eval.o(i.STM_EVAL_PBGetState), (24 bytes).
    Removing stm32_eval.o(i.STM_EVAL_PBInit), (164 bytes).
    Removing stm32_eval.o(i.sFLASH_LowLevel_DeInit), (104 bytes).
    Removing stm32_eval.o(i.sFLASH_LowLevel_Init), (104 bytes).
    Removing stm32_eval.o(.constdata), (168 bytes).
    Removing stm32_eval.o(.data), (72 bytes).
    Removing stm32100b_eval_lcd.o(i.LCD_Clear), (100 bytes).
    Removing stm32100b_eval_lcd.o(i.LCD_ClearLine), (48 bytes).
    Removing stm32100b_eval_lcd.o(i.LCD_ClosedPolyLine), (34 bytes).
    Removing stm32100b_eval_lcd.o(i.LCD_ClosedPolyLineRelative), (6 bytes).
    Removing stm32100b_eval_lcd.o(i.LCD_CtrlLinesConfig), (100 bytes).
    Removing stm32100b_eval_lcd.o(i.LCD_CtrlLinesWrite), (4 bytes).
    Removing stm32100b_eval_lcd.o(i.LCD_DeInit), (136 bytes).
    Removing stm32100b_eval_lcd.o(i.LCD_DisplayChar), (32 bytes).
    Removing stm32100b_eval_lcd.o(i.LCD_DisplayOff), (72 bytes).
    Removing stm32100b_eval_lcd.o(i.LCD_DisplayOn), (100 bytes).
    Removing stm32100b_eval_lcd.o(i.LCD_DisplayStringLine), (60 bytes).
    Removing stm32100b_eval_lcd.o(i.LCD_DrawChar), (180 bytes).
    Removing stm32100b_eval_lcd.o(i.LCD_DrawCircle), (576 bytes).
    Removing stm32100b_eval_lcd.o(i.LCD_DrawFullCircle), (176 bytes).
    Removing stm32100b_eval_lcd.o(i.LCD_DrawFullRect), (136 bytes).
    Removing stm32100b_eval_lcd.o(i.LCD_DrawLine), (164 bytes).
    Removing stm32100b_eval_lcd.o(i.LCD_DrawMonoPict), (128 bytes).
    Removing stm32100b_eval_lcd.o(i.LCD_DrawRect), (66 bytes).
    Removing stm32100b_eval_lcd.o(i.LCD_DrawUniLine), (184 bytes).
    Removing stm32100b_eval_lcd.o(i.LCD_FillPolyLine), (428 bytes).
    Removing stm32100b_eval_lcd.o(i.LCD_GetColors), (16 bytes).
    Removing stm32100b_eval_lcd.o(i.LCD_GetFont), (12 bytes).
    Removing stm32100b_eval_lcd.o(i.LCD_PolyLine), (40 bytes).
    Removing stm32100b_eval_lcd.o(i.LCD_PolyLineRelative), (6 bytes).
    Removing stm32100b_eval_lcd.o(i.LCD_PolyLineRelativeClosed), (98 bytes).
    Removing stm32100b_eval_lcd.o(i.LCD_PowerOn), (280 bytes).
    Removing stm32100b_eval_lcd.o(i.LCD_ReadReg), (204 bytes).
    Removing stm32100b_eval_lcd.o(i.LCD_SPIConfig), (212 bytes).
    Removing stm32100b_eval_lcd.o(i.LCD_SetBackColor), (12 bytes).
    Removing stm32100b_eval_lcd.o(i.LCD_SetColors), (12 bytes).
    Removing stm32100b_eval_lcd.o(i.LCD_SetCursor), (88 bytes).
    Removing stm32100b_eval_lcd.o(i.LCD_SetDisplayWindow), (184 bytes).
    Removing stm32100b_eval_lcd.o(i.LCD_SetFont), (12 bytes).
    Removing stm32100b_eval_lcd.o(i.LCD_SetTextColor), (12 bytes).
    Removing stm32100b_eval_lcd.o(i.LCD_Setup), (1764 bytes).
    Removing stm32100b_eval_lcd.o(i.LCD_WindowModeDisable), (84 bytes).
    Removing stm32100b_eval_lcd.o(i.LCD_WriteRAM), (168 bytes).
    Removing stm32100b_eval_lcd.o(i.LCD_WriteRAMWord), (32 bytes).
    Removing stm32100b_eval_lcd.o(i.LCD_WriteRAM_Prepare), (18 bytes).
    Removing stm32100b_eval_lcd.o(i.LCD_WriteReg), (192 bytes).
    Removing stm32100b_eval_lcd.o(i.LCD_WriteRegIndex), (76 bytes).
    Removing stm32100b_eval_lcd.o(i.LCD_nCS_StartByte), (48 bytes).
    Removing stm32100b_eval_lcd.o(i.PutPixel), (28 bytes).
    Removing stm32100b_eval_lcd.o(i.STM32100B_LCD_Init), (68 bytes).
    Removing stm32100b_eval_lcd.o(i.delay), (16 bytes).
    Removing stm32100b_eval_lcd.o(.constdata), (4560 bytes).
    Removing stm32100b_eval_lcd.o(.constdata), (2304 bytes).
    Removing stm32100b_eval_lcd.o(.constdata), (2304 bytes).
    Removing stm32100b_eval_lcd.o(.constdata), (1536 bytes).
    Removing stm32100b_eval_lcd.o(.data), (20 bytes).
    Removing stm32100b_eval_lcd.o(.data), (8 bytes).
    Removing stm32100b_eval_lcd.o(.data), (8 bytes).
    Removing stm32100b_eval_lcd.o(.data), (8 bytes).
    Removing startup_stm32f10x_md_vl.o(HEAP), (512 bytes).
    Removing dflti.o(.text), (34 bytes).
    Removing dfltui.o(.text), (26 bytes).
    Removing cdcmple.o(.text), (40 bytes).
    Removing cdrcmple.o(.text), (40 bytes).
    Removing depilogue.o(.text), (194 bytes).

296 unused section(s) (total 26060 bytes) removed from the image.

==============================================================================

Image Symbol Table

    Local Symbols

    Symbol Name                              Value     Ov Type        Size  Object(Section)

    ../../microlib/fpepilogue.c              0x00000000   Number         0  depilogue.o ABSOLUTE
    ../../microlib/fpflt.c                   0x00000000   Number         0  dfltui.o ABSOLUTE
    ../../microlib/fpflt.c                   0x00000000   Number         0  dflti.o ABSOLUTE
    ../../microlib/init/entry.s              0x00000000   Number         0  entry7.o ABSOLUTE
    ../../microlib/init/entry.s              0x00000000   Number         0  entry5.o ABSOLUTE
    ../../microlib/init/entry.s              0x00000000   Number         0  entry2.o ABSOLUTE
    ../../microlib/init/entry.s              0x00000000   Number         0  entry.o ABSOLUTE
    ../../microlib/longlong.c                0x00000000   Number         0  llushr.o ABSOLUTE
    ../../microlib/longlong.c                0x00000000   Number         0  llshl.o ABSOLUTE
    ../../microlib/stubs.s                   0x00000000   Number         0  iusefp.o ABSOLUTE
    ..\..\..\Libraries\CMSIS\CM3\CoreSupport\core_cm3.c 0x00000000   Number         0  core_cm3.o ABSOLUTE
    ..\..\..\Libraries\CMSIS\CM3\DeviceSupport\ST\STM32F10x\startup\arm\startup_stm32f10x_md_vl.s 0x00000000   Number         0  startup_stm32f10x_md_vl.o ABSOLUTE
    ..\..\..\Libraries\CMSIS\CM3\DeviceSupport\ST\STM32F10x\system_stm32f10x.c 0x00000000   Number         0  system_stm32f10x.o ABSOLUTE
    ..\..\..\Libraries\STM32F10x_StdPeriph_Driver\src\misc.c 0x00000000   Number         0  misc.o ABSOLUTE
    ..\..\..\Libraries\STM32F10x_StdPeriph_Driver\src\stm32f10x_dac.c 0x00000000   Number         0  stm32f10x_dac.o ABSOLUTE
    ..\..\..\Libraries\STM32F10x_StdPeriph_Driver\src\stm32f10x_dma.c 0x00000000   Number         0  stm32f10x_dma.o ABSOLUTE
    ..\..\..\Libraries\STM32F10x_StdPeriph_Driver\src\stm32f10x_exti.c 0x00000000   Number         0  stm32f10x_exti.o ABSOLUTE
    ..\..\..\Libraries\STM32F10x_StdPeriph_Driver\src\stm32f10x_fsmc.c 0x00000000   Number         0  stm32f10x_fsmc.o ABSOLUTE
    ..\..\..\Libraries\STM32F10x_StdPeriph_Driver\src\stm32f10x_gpio.c 0x00000000   Number         0  stm32f10x_gpio.o ABSOLUTE
    ..\..\..\Libraries\STM32F10x_StdPeriph_Driver\src\stm32f10x_i2c.c 0x00000000   Number         0  stm32f10x_i2c.o ABSOLUTE
    ..\..\..\Libraries\STM32F10x_StdPeriph_Driver\src\stm32f10x_rcc.c 0x00000000   Number         0  stm32f10x_rcc.o ABSOLUTE
    ..\..\..\Libraries\STM32F10x_StdPeriph_Driver\src\stm32f10x_sdio.c 0x00000000   Number         0  stm32f10x_sdio.o ABSOLUTE
    ..\..\..\Libraries\STM32F10x_StdPeriph_Driver\src\stm32f10x_spi.c 0x00000000   Number         0  stm32f10x_spi.o ABSOLUTE
    ..\..\..\Libraries\STM32F10x_StdPeriph_Driver\src\stm32f10x_usart.c 0x00000000   Number         0  stm32f10x_usart.o ABSOLUTE
    ..\..\..\Utilities\STM32_EVAL\STM32100B_EVAL\stm32100b_eval_lcd.c 0x00000000   Number         0  stm32100b_eval_lcd.o ABSOLUTE
    ..\..\..\Utilities\STM32_EVAL\stm32_eval.c 0x00000000   Number         0  stm32_eval.o ABSOLUTE
    ..\\..\\..\\Libraries\\CMSIS\\CM3\\CoreSupport\\core_cm3.c 0x00000000   Number         0  core_cm3.o ABSOLUTE
    ..\main.c                                0x00000000   Number         0  main.o ABSOLUTE
    ..\stm32f10x_it.c                        0x00000000   Number         0  stm32f10x_it.o ABSOLUTE
    cdcmple.s                                0x00000000   Number         0  cdcmple.o ABSOLUTE
    cdrcmple.s                               0x00000000   Number         0  cdrcmple.o ABSOLUTE
    dc.s                                     0x00000000   Number         0  dc.o ABSOLUTE
    handlers.s                               0x00000000   Number         0  handlers.o ABSOLUTE
    init.s                                   0x00000000   Number         0  init.o ABSOLUTE
    RESET                                    0x08000000   Section      288  startup_stm32f10x_md_vl.o(RESET)
    .ARM.Collect$$$$00000000                 0x08000120   Section        0  entry.o(.ARM.Collect$$$$00000000)
    .ARM.Collect$$$$00000001                 0x08000120   Section        4  entry2.o(.ARM.Collect$$$$00000001)
    .ARM.Collect$$$$00000004                 0x08000124   Section        4  entry5.o(.ARM.Collect$$$$00000004)
    .ARM.Collect$$$$00000007                 0x08000128   Section        8  entry7.o(.ARM.Collect$$$$00000007)
    .ARM.Collect$$$$00002712                 0x08000130   Section        4  entry2.o(.ARM.Collect$$$$00002712)
    __lit__00000000                          0x08000130   Data           4  entry2.o(.ARM.Collect$$$$00002712)
    .text                                    0x08000134   Section       36  startup_stm32f10x_md_vl.o(.text)
    .text                                    0x08000158   Section       36  init.o(.text)
    i.BusFault_Handler                       0x0800017c   Section        0  stm32f10x_it.o(i.BusFault_Handler)
    i.DAC_Cmd                                0x08000180   Section        0  stm32f10x_dac.o(i.DAC_Cmd)
    i.DAC_Init                               0x0800019c   Section        0  stm32f10x_dac.o(i.DAC_Init)
    i.DAC_SetChannel1Data                    0x080001d4   Section        0  stm32f10x_dac.o(i.DAC_SetChannel1Data)
    i.DAC_SoftwareTriggerCmd                 0x080001e0   Section        0  stm32f10x_dac.o(i.DAC_SoftwareTriggerCmd)
    i.DebugMon_Handler                       0x08000200   Section        0  stm32f10x_it.o(i.DebugMon_Handler)
    i.GPIO_Configuration                     0x08000204   Section        0  main.o(i.GPIO_Configuration)
    i.GPIO_Init                              0x08000220   Section        0  stm32f10x_gpio.o(i.GPIO_Init)
    i.HardFault_Handler                      0x080002c4   Section        0  stm32f10x_it.o(i.HardFault_Handler)
    i.MemManage_Handler                      0x080002c6   Section        0  stm32f10x_it.o(i.MemManage_Handler)
    i.NMI_Handler                            0x080002c8   Section        0  stm32f10x_it.o(i.NMI_Handler)
    i.PendSV_Handler                         0x080002ca   Section        0  stm32f10x_it.o(i.PendSV_Handler)
    i.RCC_APB1PeriphClockCmd                 0x080002cc   Section        0  stm32f10x_rcc.o(i.RCC_APB1PeriphClockCmd)
    i.RCC_APB2PeriphClockCmd                 0x080002e4   Section        0  stm32f10x_rcc.o(i.RCC_APB2PeriphClockCmd)
    i.RCC_Configuration                      0x080002fc   Section        0  main.o(i.RCC_Configuration)
    i.SVC_Handler                            0x08000312   Section        0  stm32f10x_it.o(i.SVC_Handler)
    i.SetSysClockTo24                        0x08000314   Section        0  system_stm32f10x.o(i.SetSysClockTo24)
    SetSysClockTo24                          0x08000315   Thumb Code   106  system_stm32f10x.o(i.SetSysClockTo24)
    i.SysTick_Handler                        0x08000384   Section        0  stm32f10x_it.o(i.SysTick_Handler)
    i.SystemInit                             0x08000388   Section        0  system_stm32f10x.o(i.SystemInit)
    i.UsageFault_Handler                     0x080003cc   Section        0  stm32f10x_it.o(i.UsageFault_Handler)
    i.__scatterload_copy                     0x080003ce   Section       14  handlers.o(i.__scatterload_copy)
    i.__scatterload_null                     0x080003dc   Section        2  handlers.o(i.__scatterload_null)
    i.__scatterload_zeroinit                 0x080003de   Section       14  handlers.o(i.__scatterload_zeroinit)
    i.main                                   0x080003ec   Section        0  main.o(i.main)
    .bss                                     0x20000000   Section       16  main.o(.bss)
    STACK                                    0x20000010   Section     1024  startup_stm32f10x_md_vl.o(STACK)

    Global Symbols

    Symbol Name                              Value     Ov Type        Size  Object(Section)

    BuildAttributes$$THM_ISAv4$P$D$K$B$S$PE$A:L22UL41UL21$X:L11$S22US41US21$IEEE1$IW$USESV6$~STKCKD$USESV7$~SHL$OSPACE$ROPI$EBA8$MICROLIB$REQ8$PRES8$EABIv2 0x00000000   Number         0  anon$$obj.o ABSOLUTE
    __ARM_use_no_argv                        0x00000000   Number         0  main.o ABSOLUTE
    __decompress                              - Undefined Weak Reference
    __Vectors_Size                           0x00000120   Number         0  startup_stm32f10x_md_vl.o ABSOLUTE
    __Vectors                                0x08000000   Data           4  startup_stm32f10x_md_vl.o(RESET)
    __Vectors_End                            0x08000120   Data           0  startup_stm32f10x_md_vl.o(RESET)
    __main                                   0x08000121   Thumb Code     0  entry.o(.ARM.Collect$$$$00000000)
    _main_stk                                0x08000121   Thumb Code     0  entry2.o(.ARM.Collect$$$$00000001)
    _main_scatterload                        0x08000125   Thumb Code     0  entry5.o(.ARM.Collect$$$$00000004)
    __main_after_scatterload                 0x08000129   Thumb Code     0  entry5.o(.ARM.Collect$$$$00000004)
    _main_init                               0x08000129   Thumb Code     0  entry7.o(.ARM.Collect$$$$00000007)
    Reset_Handler                            0x08000135   Thumb Code     8  startup_stm32f10x_md_vl.o(.text)
    ADC1_IRQHandler                          0x0800014f   Thumb Code     0  startup_stm32f10x_md_vl.o(.text)
    CEC_IRQHandler                           0x0800014f   Thumb Code     0  startup_stm32f10x_md_vl.o(.text)
    DMA1_Channel1_IRQHandler                 0x0800014f   Thumb Code     0  startup_stm32f10x_md_vl.o(.text)
    DMA1_Channel2_IRQHandler                 0x0800014f   Thumb Code     0  startup_stm32f10x_md_vl.o(.text)
    DMA1_Channel3_IRQHandler                 0x0800014f   Thumb Code     0  startup_stm32f10x_md_vl.o(.text)
    DMA1_Channel4_IRQHandler                 0x0800014f   Thumb Code     0  startup_stm32f10x_md_vl.o(.text)
    DMA1_Channel5_IRQHandler                 0x0800014f   Thumb Code     0  startup_stm32f10x_md_vl.o(.text)
    DMA1_Channel6_IRQHandler                 0x0800014f   Thumb Code     0  startup_stm32f10x_md_vl.o(.text)
    DMA1_Channel7_IRQHandler                 0x0800014f   Thumb Code     0  startup_stm32f10x_md_vl.o(.text)
    EXTI0_IRQHandler                         0x0800014f   Thumb Code     0  startup_stm32f10x_md_vl.o(.text)
    EXTI15_10_IRQHandler                     0x0800014f   Thumb Code     0  startup_stm32f10x_md_vl.o(.text)
    EXTI1_IRQHandler                         0x0800014f   Thumb Code     0  startup_stm32f10x_md_vl.o(.text)
    EXTI2_IRQHandler                         0x0800014f   Thumb Code     0  startup_stm32f10x_md_vl.o(.text)
    EXTI3_IRQHandler                         0x0800014f   Thumb Code     0  startup_stm32f10x_md_vl.o(.text)
    EXTI4_IRQHandler                         0x0800014f   Thumb Code     0  startup_stm32f10x_md_vl.o(.text)
    EXTI9_5_IRQHandler                       0x0800014f   Thumb Code     0  startup_stm32f10x_md_vl.o(.text)
    FLASH_IRQHandler                         0x0800014f   Thumb Code     0  startup_stm32f10x_md_vl.o(.text)
    I2C1_ER_IRQHandler                       0x0800014f   Thumb Code     0  startup_stm32f10x_md_vl.o(.text)
    I2C1_EV_IRQHandler                       0x0800014f   Thumb Code     0  startup_stm32f10x_md_vl.o(.text)
    I2C2_ER_IRQHandler                       0x0800014f   Thumb Code     0  startup_stm32f10x_md_vl.o(.text)
    I2C2_EV_IRQHandler                       0x0800014f   Thumb Code     0  startup_stm32f10x_md_vl.o(.text)
    PVD_IRQHandler                           0x0800014f   Thumb Code     0  startup_stm32f10x_md_vl.o(.text)
    RCC_IRQHandler                           0x0800014f   Thumb Code     0  startup_stm32f10x_md_vl.o(.text)
    RTCAlarm_IRQHandler                      0x0800014f   Thumb Code     0  startup_stm32f10x_md_vl.o(.text)
    RTC_IRQHandler                           0x0800014f   Thumb Code     0  startup_stm32f10x_md_vl.o(.text)
    SPI1_IRQHandler                          0x0800014f   Thumb Code     0  startup_stm32f10x_md_vl.o(.text)
    SPI2_IRQHandler                          0x0800014f   Thumb Code     0  startup_stm32f10x_md_vl.o(.text)
    TAMPER_IRQHandler                        0x0800014f   Thumb Code     0  startup_stm32f10x_md_vl.o(.text)
    TIM1_BRK_TIM15_IRQHandler                0x0800014f   Thumb Code     0  startup_stm32f10x_md_vl.o(.text)
    TIM1_CC_IRQHandler                       0x0800014f   Thumb Code     0  startup_stm32f10x_md_vl.o(.text)
    TIM1_TRG_COM_TIM17_IRQHandler            0x0800014f   Thumb Code     0  startup_stm32f10x_md_vl.o(.text)
    TIM1_UP_TIM16_IRQHandler                 0x0800014f   Thumb Code     0  startup_stm32f10x_md_vl.o(.text)
    TIM2_IRQHandler                          0x0800014f   Thumb Code     0  startup_stm32f10x_md_vl.o(.text)
    TIM3_IRQHandler                          0x0800014f   Thumb Code     0  startup_stm32f10x_md_vl.o(.text)
    TIM4_IRQHandler                          0x0800014f   Thumb Code     0  startup_stm32f10x_md_vl.o(.text)
    TIM6_DAC_IRQHandler                      0x0800014f   Thumb Code     0  startup_stm32f10x_md_vl.o(.text)
    TIM7_IRQHandler                          0x0800014f   Thumb Code     0  startup_stm32f10x_md_vl.o(.text)
    USART1_IRQHandler                        0x0800014f   Thumb Code     0  startup_stm32f10x_md_vl.o(.text)
    USART2_IRQHandler                        0x0800014f   Thumb Code     0  startup_stm32f10x_md_vl.o(.text)
    USART3_IRQHandler                        0x0800014f   Thumb Code     0  startup_stm32f10x_md_vl.o(.text)
    WWDG_IRQHandler                          0x0800014f   Thumb Code     0  startup_stm32f10x_md_vl.o(.text)
    __scatterload                            0x08000159   Thumb Code    28  init.o(.text)
    __scatterload_rt2                        0x08000159   Thumb Code     0  init.o(.text)
    BusFault_Handler                         0x0800017d   Thumb Code     2  stm32f10x_it.o(i.BusFault_Handler)
    DAC_Cmd                                  0x08000181   Thumb Code    24  stm32f10x_dac.o(i.DAC_Cmd)
    DAC_Init                                 0x0800019d   Thumb Code    50  stm32f10x_dac.o(i.DAC_Init)
    DAC_SetChannel1Data                      0x080001d5   Thumb Code     8  stm32f10x_dac.o(i.DAC_SetChannel1Data)
    DAC_SoftwareTriggerCmd                   0x080001e1   Thumb Code    28  stm32f10x_dac.o(i.DAC_SoftwareTriggerCmd)
    DebugMon_Handler                         0x08000201   Thumb Code     2  stm32f10x_it.o(i.DebugMon_Handler)
    GPIO_Configuration                       0x08000205   Thumb Code    24  main.o(i.GPIO_Configuration)
    GPIO_Init                                0x08000221   Thumb Code   164  stm32f10x_gpio.o(i.GPIO_Init)
    HardFault_Handler                        0x080002c5   Thumb Code     2  stm32f10x_it.o(i.HardFault_Handler)
    MemManage_Handler                        0x080002c7   Thumb Code     2  stm32f10x_it.o(i.MemManage_Handler)
    NMI_Handler                              0x080002c9   Thumb Code     2  stm32f10x_it.o(i.NMI_Handler)
    PendSV_Handler                           0x080002cb   Thumb Code     2  stm32f10x_it.o(i.PendSV_Handler)
    RCC_APB1PeriphClockCmd                   0x080002cd   Thumb Code    18  stm32f10x_rcc.o(i.RCC_APB1PeriphClockCmd)
    RCC_APB2PeriphClockCmd                   0x080002e5   Thumb Code    18  stm32f10x_rcc.o(i.RCC_APB2PeriphClockCmd)
    RCC_Configuration                        0x080002fd   Thumb Code    22  main.o(i.RCC_Configuration)
    SVC_Handler                              0x08000313   Thumb Code     2  stm32f10x_it.o(i.SVC_Handler)
    SysTick_Handler                          0x08000385   Thumb Code     2  stm32f10x_it.o(i.SysTick_Handler)
    SystemInit                               0x08000389   Thumb Code    56  system_stm32f10x.o(i.SystemInit)
    UsageFault_Handler                       0x080003cd   Thumb Code     2  stm32f10x_it.o(i.UsageFault_Handler)
    __scatterload_copy                       0x080003cf   Thumb Code    14  handlers.o(i.__scatterload_copy)
    __scatterload_null                       0x080003dd   Thumb Code     2  handlers.o(i.__scatterload_null)
    __scatterload_zeroinit                   0x080003df   Thumb Code    14  handlers.o(i.__scatterload_zeroinit)
    main                                     0x080003ed   Thumb Code    62  main.o(i.main)
    Region$$Table$$Base                      0x08000430   Number         0  anon$$obj.o(Region$$Table)
    Region$$Table$$Limit                     0x08000440   Number         0  anon$$obj.o(Region$$Table)
    DAC_InitStructure                        0x20000000   Data          16  main.o(.bss)
    __initial_sp                             0x20000410   Data           0  startup_stm32f10x_md_vl.o(STACK)



==============================================================================

Memory Map of the image

  Image Entry point : 0x08000121

  Load Region LR_IROM1 (Base: 0x08000000, Size: 0x00000440, Max: 0x00020000, ABSOLUTE)

    Execution Region ER_IROM1 (Base: 0x08000000, Size: 0x00000440, Max: 0x00020000, ABSOLUTE)

    Base Addr    Size         Type   Attr      Idx    E Section Name        Object

    0x08000000   0x00000120   Data   RO         2046    RESET               startup_stm32f10x_md_vl.o
    0x08000120   0x00000000   Code   RO         2051  * .ARM.Collect$$$$00000000  mc_w.l(entry.o)(mc_w.l)
    0x08000120   0x00000004   Code   RO         2062    .ARM.Collect$$$$00000001  mc_w.l(entry2.o)(mc_w.l)
    0x08000124   0x00000004   Code   RO         2065    .ARM.Collect$$$$00000004  mc_w.l(entry5.o)(mc_w.l)
    0x08000128   0x00000008   Code   RO         2066    .ARM.Collect$$$$00000007  mc_w.l(entry7.o)(mc_w.l)
    0x08000130   0x00000004   Code   RO         2063    .ARM.Collect$$$$00002712  mc_w.l(entry2.o)(mc_w.l)
    0x08000134   0x00000024   Code   RO         2047    .text               startup_stm32f10x_md_vl.o
    0x08000158   0x00000024   Code   RO         2070    .text               mc_w.l(init.o)(mc_w.l)
    0x0800017c   0x00000002   Code   RO            1    i.BusFault_Handler  stm32f10x_it.o
    0x0800017e   0x00000002   PAD
    0x08000180   0x0000001c   Code   RO         1512    i.DAC_Cmd           stm32f10x_dac.o
    0x0800019c   0x00000038   Code   RO         1520    i.DAC_Init          stm32f10x_dac.o
    0x080001d4   0x0000000c   Code   RO         1521    i.DAC_SetChannel1Data  stm32f10x_dac.o
    0x080001e0   0x00000020   Code   RO         1524    i.DAC_SoftwareTriggerCmd  stm32f10x_dac.o
    0x08000200   0x00000002   Code   RO            2    i.DebugMon_Handler  stm32f10x_it.o
    0x08000202   0x00000002   PAD
    0x08000204   0x0000001c   Code   RO          108    i.GPIO_Configuration  main.o
    0x08000220   0x000000a4   Code   RO          388    i.GPIO_Init         stm32f10x_gpio.o
    0x080002c4   0x00000002   Code   RO            3    i.HardFault_Handler  stm32f10x_it.o
    0x080002c6   0x00000002   Code   RO            4    i.MemManage_Handler  stm32f10x_it.o
    0x080002c8   0x00000002   Code   RO            5    i.NMI_Handler       stm32f10x_it.o
    0x080002ca   0x00000002   Code   RO            6    i.PendSV_Handler    stm32f10x_it.o
    0x080002cc   0x00000018   Code   RO          154    i.RCC_APB1PeriphClockCmd  stm32f10x_rcc.o
    0x080002e4   0x00000018   Code   RO          156    i.RCC_APB2PeriphClockCmd  stm32f10x_rcc.o
    0x080002fc   0x00000016   Code   RO          109    i.RCC_Configuration  main.o
    0x08000312   0x00000002   Code   RO            7    i.SVC_Handler       stm32f10x_it.o
    0x08000314   0x00000070   Code   RO         1632    i.SetSysClockTo24   system_stm32f10x.o
    0x08000384   0x00000002   Code   RO            8    i.SysTick_Handler   stm32f10x_it.o
    0x08000386   0x00000002   PAD
    0x08000388   0x00000044   Code   RO         1634    i.SystemInit        system_stm32f10x.o
    0x080003cc   0x00000002   Code   RO            9    i.UsageFault_Handler  stm32f10x_it.o
    0x080003ce   0x0000000e   Code   RO         2078    i.__scatterload_copy  mc_w.l(handlers.o)(mc_w.l)
    0x080003dc   0x00000002   Code   RO         2079    i.__scatterload_null  mc_w.l(handlers.o)(mc_w.l)
    0x080003de   0x0000000e   Code   RO         2080    i.__scatterload_zeroinit  mc_w.l(handlers.o)(mc_w.l)
    0x080003ec   0x00000044   Code   RO          110    i.main              main.o
    0x08000430   0x00000010   Data   RO         2076    Region$$Table       anon$$obj.o


    Execution Region RW_IRAM1 (Base: 0x20000000, Size: 0x00000410, Max: 0x00002000, ABSOLUTE)

    Base Addr    Size         Type   Attr      Idx    E Section Name        Object

    0x20000000   0x00000010   Zero   RW          111    .bss                main.o
    0x20000010   0x00000400   Zero   RW         2044    STACK               startup_stm32f10x_md_vl.o


==============================================================================

Image component sizes


      Code (inc. data)   RO Data    RW Data    ZI Data      Debug   Object Name

         0          0          0          0          0          0   core_cm3.o
       118         10          0          0         16          0   main.o
        36          8        288          0       1024          0   startup_stm32f10x_md_vl.o
       128         18          0          0          0          0   stm32f10x_dac.o
       164          0          0          0          0          0   stm32f10x_gpio.o
        18          0          0          0          0          0   stm32f10x_it.o
        48         12          0          0          0          0   stm32f10x_rcc.o
       180         18          0          0          0          0   system_stm32f10x.o

    ----------------------------------------------------------------------
       698         66        304          0       1040          0   Object Totals
         0          0         16          0          0          0   (incl. Generated)
         6          0          0          0          0          1   (incl. Padding)

    ----------------------------------------------------------------------

      Code (inc. data)   RO Data    RW Data    ZI Data      Debug   Library Member Name

         0          0          0          0          0          0   entry.o
         8          4          0          0          0          0   entry2.o
         4          0          0          0          0          0   entry5.o
         8          4          0          0          0          0   entry7.o
        30          0          0          0          0          0   handlers.o
        36          8          0          0          0          0   init.o

    ----------------------------------------------------------------------
        86         16          0          0          0          0   Library Totals
         0          0          0          0          0          0   (incl. Padding)

    ----------------------------------------------------------------------

      Code (inc. data)   RO Data    RW Data    ZI Data      Debug   Library Name

        86         16          0          0          0         68   mc_w.l

    ----------------------------------------------------------------------
        86         16          0          0          0          0   Library Totals

    ----------------------------------------------------------------------

==============================================================================


      Code (inc. data)   RO Data    RW Data    ZI Data      Debug   

       784         82        304          0       1040     249952   Grand Totals
       784         82        304          0       1040     249952   ELF Image Totals
       784         82        304          0          0          0   ROM Totals

==============================================================================

    Total RO  Size (Code + RO Data)                 1088 (   1.06kB)
    Total RW  Size (RW Data + ZI Data)              1040 (   1.02kB)
    Total ROM Size (Code + RO Data + RW Data)       1088 (   1.06kB)

==============================================================================

